// Jest Snapshot v1, https://goo.gl/fbAQLP

exports[`appendCause - merge stacks 1`] = `
"PgError: there is no unique or exclusion constraint matching the ON CONFLICT specification (pg_error)
        at TestPgClient.query (/Users/user/source/sd/packages/ent-framework/src/pg/PgClient.ts:662:15)
        at processTicksAndRejections (node:internal/process/task_queues:95:5)
        at PgRunnerUpsert.clientQuery (/Users/user/source/sd/packages/ent-framework/src/pg/PgRunner.ts:72:18)
        at PgRunnerUpsert.runBatch (/Users/user/source/sd/packages/ent-framework/src/pg/PgQueryUpsert.ts:113:18)
        at Batcher.flushQueue (/Users/user/source/sd/packages/ent-framework/src/abstract/Batcher.ts:54:19)
        at /Users/user/source/sd/packages/ent-framework/src/abstract/Batcher.ts:151:15
        at processTicksAndRejections (node:internal/process/task_queues:95:5)
        at /Users/user/source/sd/packages/ent-framework/src/abstract/Shard.ts:78:21
        at Cluster.runOnShard (/Users/user/source/sd/packages/ent-framework/src/abstract/Cluster.ts:461:16)
        at Function.upsert (/Users/user/source/sd/packages/ent-framework/src/ent/mixins/PrimitiveMixin.ts:397:18)
        at async Promise.all (index 0)
        at join (/Users/user/source/sd/packages/ent-framework/src/internal/misc.ts:142:24)
        at Object.<anonymous> (/Users/user/source/sd/packages/ent-framework/src/ent/__tests__/Ent.errors.test.ts:48:5)
Cause: error: there is no unique or exclusion constraint matching the ON CONFLICT specification
        at Parser.parseErrorMessage (/Users/user/source/sd/node_modules/pg-protocol/src/parser.ts:369:69)
        at Parser.handlePacket (/Users/user/source/sd/node_modules/pg-protocol/src/parser.ts:188:21)
        at Parser.parse (/Users/user/source/sd/node_modules/pg-protocol/src/parser.ts:103:30)
        at Socket.<anonymous> (/Users/user/source/sd/node_modules/pg-protocol/src/index.ts:7:48)
        at Socket.emit (node:events:519:28)
        at addChunk (node:internal/streams/readable:559:12)
        at readableAddChunkPushByteMode (node:internal/streams/readable:510:3)
        at Socket.Readable.push (node:internal/streams/readable:390:5)
        at TCP.onStreamRead (node:internal/stream_base_commons:191:23)"
`;

exports[`minifyStack 1`] = `
"at Ent.ts:525 (Function.loadNullable)
at Ent.ts:563 (Function.loadX)
at EntSome.ts:45 (EntSome.asset2)
at Memoize.ts:75 (EntSome.<anonymous>)
at AsanaDriver.ts:256
at promise.ts:55
at promise.ts:55 (Object.mapJoin)
at AsanaDriver.ts:255 (loadProjects)"
`;
